// Jest Snapshot v1, https://goo.gl/fbAQLP

exports[`Home deve renderizar o heading conforme o snapshot 1`] = `
.c0 {
  background-color: #06092b;
  color: #fff;
  width: 100%;
  height: 100%;
  text-align: center;
  display: -webkit-box;
  display: -webkit-flex;
  display: -ms-flexbox;
  display: flex;
  -webkit-flex-direction: column;
  -ms-flex-direction: column;
  flex-direction: column;
  -webkit-align-items: center;
  -webkit-box-align: center;
  -ms-flex-align: center;
  align-items: center;
  -webkit-box-pack: center;
  -webkit-justify-content: center;
  -ms-flex-pack: center;
  justify-content: center;
  gap: 20rem;
  padding: 0 15px;
}

<main
  class="c0"
>
  <h2
    class=""
  >
    My Trips
  </h2>
</main>
`
